100
#25m 
100
#25m 
100
#25m 
99
#24m 59s
99
#24m 58s
99
#24m 57s
99
#24m 56s
99
#24m 55s
99
#24m 54s
99
#24m 53s
99
#24m 52s
99
#24m 51s
99
#24m 50s
99
#24m 49s
99
#24m 48s
99
#24m 47s
99
#24m 46s
99
#24m 45s
98
#24m 44s
98
#24m 43s
98
#24m 42s
98
#24m 41s
98
#24m 40s
98
#24m 39s
98
#24m 38s
98
#24m 37s
98
#24m 36s
98
#24m 35s
98
#24m 34s
98
#24m 33s
98
#24m 32s
98
#24m 31s
98
#24m 30s
97
#24m 29s
97
#24m 28s
97
#24m 27s
97
#24m 26s
97
#24m 25s
97
#24m 24s
97
#24m 23s
97
#24m 22s
97
#24m 21s
97
#24m 20s
97
#24m 19s
97
#24m 18s
97
#24m 17s
97
#24m 16s
97
#24m 15s
96
#24m 14s
96
#24m 13s
96
#24m 12s
96
#24m 11s
96
#24m 10s
96
#24m 9s
96
#24m 8s
96
#24m 7s
96
#24m 6s
96
#24m 5s
96
#24m 4s
96
#24m 3s
96
#24m 2s
96
#24m 1s
96
#24m 
95
#23m 59s
95
#23m 58s
95
#23m 57s
95
#23m 56s
95
#23m 55s
95
#23m 54s
95
#23m 53s
95
#23m 52s
95
#23m 51s
95
#23m 50s
95
#23m 49s
95
#23m 48s
95
#23m 47s
95
#23m 46s
95
#23m 45s
94
#23m 44s
94
#23m 43s
94
#23m 42s
94
#23m 41s
94
#23m 40s
94
#23m 39s
94
#23m 38s
94
#23m 37s
94
#23m 36s
94
#23m 35s
94
#23m 34s
94
#23m 33s
94
#23m 32s
94
#23m 31s
94
#23m 30s
93
#23m 29s
93
#23m 28s
93
#23m 27s
93
#23m 26s
93
#23m 25s
93
#23m 24s
93
#23m 23s
93
#23m 22s
93
#23m 21s
93
#23m 20s
93
#23m 19s
93
#23m 18s
93
#23m 17s
93
#23m 16s
93
#23m 15s
92
#23m 14s
92
#23m 13s
92
#23m 12s
92
#23m 11s
92
#23m 10s
92
#23m 9s
92
#23m 8s
92
#23m 7s
92
#23m 6s
92
#23m 5s
92
#23m 4s
92
#23m 3s
92
#23m 2s
92
#23m 1s
92
#23m 
91
#22m 59s
91
#22m 58s
91
#22m 57s
91
#22m 56s
91
#22m 55s
91
#22m 54s
91
#22m 53s
91
#22m 52s
91
#22m 51s
91
#22m 50s
91
#22m 49s
91
#22m 48s
91
#22m 47s
91
#22m 46s
91
#22m 45s
90
#22m 44s
90
#22m 43s
90
#22m 42s
90
#22m 41s
90
#22m 40s
90
#22m 39s
90
#22m 38s
90
#22m 37s
90
#22m 36s
90
#22m 35s
90
#22m 34s
90
#22m 33s
90
#22m 32s
90
#22m 31s
90
#22m 30s
89
#22m 29s
89
#22m 28s
89
#22m 27s
89
#22m 26s
89
#22m 25s
89
#22m 24s
89
#22m 23s
89
#22m 22s
89
#22m 21s
89
#22m 20s
89
#22m 19s
89
#22m 18s
89
#22m 17s
89
#22m 16s
89
#22m 15s
88
#22m 14s
88
#22m 13s
88
#22m 12s
88
#22m 11s
88
#22m 10s
88
#22m 9s
88
#22m 8s
88
#22m 7s
88
#22m 6s
88
#22m 5s
88
#22m 4s
88
#22m 3s
88
#22m 2s
88
#22m 1s
88
#22m 
87
#21m 59s
87
#21m 58s
87
#21m 57s
87
#21m 56s
87
#21m 55s
87
#21m 54s
87
#21m 53s
87
#21m 52s
87
#21m 51s
87
#21m 50s
87
#21m 49s
87
#21m 48s
87
#21m 47s
87
#21m 46s
87
#21m 45s
86
#21m 44s
86
#21m 43s
86
#21m 42s
86
#21m 41s
86
#21m 40s
86
#21m 39s
86
#21m 38s
86
#21m 37s
86
#21m 36s
86
#21m 35s
86
#21m 34s
86
#21m 33s
86
#21m 32s
86
#21m 31s
86
#21m 30s
85
#21m 29s
85
#21m 28s
85
#21m 27s
85
#21m 26s
85
#21m 25s
85
#21m 24s
85
#21m 23s
85
#21m 22s
85
#21m 21s
85
#21m 20s
85
#21m 19s
85
#21m 18s
85
#21m 17s
85
#21m 16s
85
#21m 15s
84
#21m 14s
84
#21m 13s
84
#21m 12s
84
#21m 11s
84
#21m 10s
84
#21m 9s
84
#21m 8s
84
#21m 7s
84
#21m 7s
84
#21m 7s
84
#21m 7s
84
#21m 7s
84
#21m 7s
84
#21m 7s
84
#21m 7s
84
#21m 7s
84
#21m 7s
84
#21m 7s
84
#21m 7s
84
#21m 7s
84
#21m 7s
84
#21m 7s
84
#21m 7s
84
#21m 7s
84
#21m 7s
84
#21m 7s
